2026-10-08 19:14:33.062 [background-preinit] [34mINFO [0;39m [36mo.h.validator.internal.util.Version[0;39m - HV000001: Hibernate Validator 8.0.1.Final
2026-10-08 19:14:33.188 [main] [34mINFO [0;39m [36mc.f.M.MomentForeverApiGatewayApplication[0;39m - Starting MomentForeverApiGatewayApplication using Java 17.0.12 with PID 34556 (C:\manishshrma\moment-forever-gateway\target\classes started by rsshr in C:\manishshrma\moment-forever-gateway)
2026-10-08 19:14:33.191 [main] [39mDEBUG[0;39m [36mc.f.M.MomentForeverApiGatewayApplication[0;39m - Running with Spring Boot v3.1.5, Spring v6.0.13
2026-10-08 19:14:33.222 [main] [34mINFO [0;39m [36mc.f.M.MomentForeverApiGatewayApplication[0;39m - No active profile set, falling back to 1 default profile: "default"
2026-10-08 19:14:37.025 [main] [34mINFO [0;39m [36mo.s.cloud.context.scope.GenericScope[0;39m - BeanFactory id=271ce793-fd9a-3242-b60d-e21ea8bc6c69
2026-10-08 19:14:37.197 [main] [34mINFO [0;39m [36mo.s.c.s.PostProcessorRegistrationDelegate$BeanPostProcessorChecker[0;39m - Bean 'org.springframework.cloud.client.loadbalancer.reactive.LoadBalancerBeanPostProcessorAutoConfiguration' of type [org.springframework.cloud.client.loadbalancer.reactive.LoadBalancerBeanPostProcessorAutoConfiguration] is not eligible for getting processed by all BeanPostProcessors (for example: not eligible for auto-proxying)
2026-10-08 19:14:37.199 [main] [34mINFO [0;39m [36mo.s.c.s.PostProcessorRegistrationDelegate$BeanPostProcessorChecker[0;39m - Bean 'org.springframework.cloud.client.loadbalancer.reactive.LoadBalancerBeanPostProcessorAutoConfiguration$ReactorDeferringLoadBalancerFilterConfig' of type [org.springframework.cloud.client.loadbalancer.reactive.LoadBalancerBeanPostProcessorAutoConfiguration$ReactorDeferringLoadBalancerFilterConfig] is not eligible for getting processed by all BeanPostProcessors (for example: not eligible for auto-proxying)
2026-10-08 19:14:37.204 [main] [34mINFO [0;39m [36mo.s.c.s.PostProcessorRegistrationDelegate$BeanPostProcessorChecker[0;39m - Bean 'reactorDeferringLoadBalancerExchangeFilterFunction' of type [org.springframework.cloud.client.loadbalancer.reactive.DeferringLoadBalancerExchangeFilterFunction] is not eligible for getting processed by all BeanPostProcessors (for example: not eligible for auto-proxying)
2026-10-08 19:14:44.259 [main] [34mINFO [0;39m [36mo.s.b.a.e.web.EndpointLinksResolver[0;39m - Exposing 1 endpoint(s) beneath base path '/actuator'
2026-10-08 19:14:45.565 [main] [31mWARN [0;39m [36mo.s.c.l.c.LoadBalancerCacheAutoConfiguration$LoadBalancerCaffeineWarnLogger[0;39m - Spring Cloud LoadBalancer is currently working with the default cache. While this cache implementation is useful for development and tests, it's recommended to use Caffeine cache in production.You can switch to using Caffeine cache, by adding it and org.springframework.cache.caffeine.CaffeineCacheManager to the classpath.
2026-10-08 19:14:46.167 [main] [34mINFO [0;39m [36mo.s.b.w.e.netty.NettyWebServer[0;39m - Netty started on port 8086
2026-10-08 19:14:46.171 [main] [34mINFO [0;39m [36mo.s.c.c.s.ConsulServiceRegistry[0;39m - Registering service with consul: NewService{id='api-gateway-ca0634beb88f25fbe15b861735ee9520', name='api-gateway', tags=[], address='192.168.1.101', meta={secure=false}, port=8086, enableTagOverride=null, check=Check{script='null', dockerContainerID='null', shell='null', interval='10s', ttl='null', http='http://192.168.1.101:8086/actuator/health', method='null', header={}, tcp='null', timeout='null', deregisterCriticalServiceAfter='null', tlsSkipVerify=null, status='null', grpc='null', grpcUseTLS=null}, checks=null}
2026-10-08 19:14:46.904 [main] [34mINFO [0;39m [36mc.f.M.MomentForeverApiGatewayApplication[0;39m - Started MomentForeverApiGatewayApplication in 15.331 seconds (process running for 18.901)
2026-10-08 19:16:29.925 [boundedElastic-5] [31mWARN [0;39m [36mo.s.c.l.core.RoundRobinLoadBalancer[0;39m - No servers available for service: MOMENT-FOREVER-BOOKING
2026-10-08 19:16:32.932 [boundedElastic-5] [31mWARN [0;39m [36mo.s.c.l.core.RoundRobinLoadBalancer[0;39m - No servers available for service: MOMENT-FOREVER-PLATFORM
2026-10-08 19:35:09.101 [reactor-http-nio-8] [39mDEBUG[0;39m [36mc.f.M.util.JwtUtil[0;39m - Token expired: JWT expired at 2026-10-07T14:53:15Z. Current time: 2026-10-08T14:05:09Z, a difference of 83514092 milliseconds.  Allowed clock skew: 0 milliseconds.
2026-10-08 21:38:57.509 [boundedElastic-12] [31mWARN [0;39m [36mo.s.c.l.core.RoundRobinLoadBalancer[0;39m - No servers available for service: MOMENT-FOREVER-PLATFORM
2026-10-08 21:38:57.593 [boundedElastic-12] [31mWARN [0;39m [36mo.s.c.l.core.RoundRobinLoadBalancer[0;39m - No servers available for service: MOMENT-FOREVER-PLATFORM
2026-10-08 21:38:59.100 [boundedElastic-12] [31mWARN [0;39m [36mo.s.c.l.core.RoundRobinLoadBalancer[0;39m - No servers available for service: MOMENT-FOREVER-PLATFORM
2026-10-08 21:38:59.189 [boundedElastic-12] [31mWARN [0;39m [36mo.s.c.l.core.RoundRobinLoadBalancer[0;39m - No servers available for service: MOMENT-FOREVER-PLATFORM
